# serializer version: 1
# name: test_dryrock_depthtrend_k_my
  Material(shear_modulus=[12.], bulk_modulus=[20.], primary_velocity=[0.1165543], secondary_velocity=[0.06729266], density=[2650.])
# ---
# name: test_dryrock_depthtrend_vp_vs
  Material(shear_modulus=[12.], bulk_modulus=[20.], primary_velocity=[0.1165543], secondary_velocity=[0.06729266], density=[2650.])
# ---
